\BOOKMARK [1][-]{section.1}{\376\377\000I\000n\000t\000r\000o\000d\000u\000c\000t\000i\000o\000n}{}% 1
\BOOKMARK [1][-]{section.2}{\376\377\000B\000a\000c\000k\000g\000r\000o\000u\000n\000d\000\040\000a\000n\000d\000\040\000S\000e\000t\000t\000i\000n\000g}{}% 2
\BOOKMARK [1][-]{section.3}{\376\377\000D\000e\000s\000i\000g\000n}{}% 3
\BOOKMARK [2][-]{subsection.3.1}{\376\377\000S\000k\000i\000l\000l\000\040\000A\000s\000s\000e\000s\000s\000m\000e\000n\000t}{section.3}% 4
\BOOKMARK [2][-]{subsection.3.2}{\376\377\000R\000e\000f\000e\000r\000r\000a\000l\000\040\000T\000a\000s\000k}{section.3}% 5
\BOOKMARK [2][-]{subsection.3.3}{\376\377\000S\000o\000c\000i\000o\000e\000c\000o\000n\000o\000m\000i\000c\000\040\000S\000t\000a\000t\000u\000s\000\040\000G\000u\000e\000s\000s\000i\000n\000g\000\040\000T\000a\000s\000k}{section.3}% 6
\BOOKMARK [1][-]{section.4}{\376\377\000S\000a\000m\000p\000l\000e\000,\000\040\000I\000n\000c\000e\000n\000t\000i\000v\000e\000s\000,\000\040\000a\000n\000d\000\040\000P\000r\000o\000c\000e\000d\000u\000r\000e}{}% 7
\BOOKMARK [1][-]{section.5}{\376\377\000R\000e\000s\000u\000l\000t\000s}{}% 8
\BOOKMARK [2][-]{subsection.5.1}{\376\377\000C\000a\000n\000\040\000p\000e\000e\000r\000s\000\040\000s\000c\000r\000e\000e\000n\000\040\000c\000o\000g\000n\000i\000t\000i\000v\000e\000\040\000a\000n\000d\000\040\000s\000o\000c\000i\000a\000l\000\040\000s\000k\000i\000l\000l\000s\000?}{section.5}% 9
\BOOKMARK [2][-]{subsection.5.2}{\376\377\000G\000r\000a\000d\000e\000s\000\040\000a\000s\000\040\000a\000\040\000p\000r\000o\000x\000y\000\040\000f\000o\000r\000\040\000s\000k\000i\000l\000l\000s}{section.5}% 10
\BOOKMARK [2][-]{subsection.5.3}{\376\377\000T\000y\000p\000e\000s\000\040\000o\000f\000\040\000R\000e\000f\000e\000r\000r\000a\000l\000s}{section.5}% 11
\BOOKMARK [2][-]{subsection.5.4}{\376\377\000S\000o\000c\000i\000a\000l\000\040\000c\000l\000a\000s\000s\000\040\000b\000i\000a\000s\000\040\000a\000c\000r\000o\000s\000s\000\040\000c\000o\000m\000m\000o\000n\000\040\000a\000n\000d\000\040\000u\000n\000i\000q\000u\000e\000\040\000r\000e\000f\000e\000r\000r\000a\000l\000\040\000t\000y\000p\000e\000s}{section.5}% 12
\BOOKMARK [2][-]{subsection.5.5}{\376\377\000S\000o\000c\000i\000a\000l\000\040\000c\000l\000a\000s\000s\000\040\000b\000i\000a\000s\000\040\000a\000n\000d\000\040\000t\000h\000e\000\040\000Q\000u\000o\000t\000a\000\040\000t\000r\000e\000a\000t\000m\000e\000n\000t}{section.5}% 13
\BOOKMARK [2][-]{subsection.5.6}{\376\377\000Q\000u\000o\000t\000a\000\040\000t\000r\000e\000a\000t\000m\000e\000n\000t\000\040\000a\000n\000d\000\040\000r\000e\000f\000e\000r\000r\000a\000l\000\040\000p\000r\000o\000d\000u\000c\000t\000i\000v\000i\000t\000y}{section.5}% 14
\BOOKMARK [2][-]{subsection.5.7}{\376\377\000E\000f\000f\000e\000c\000t\000s\000\040\000o\000f\000\040\000t\000h\000e\000\040\000Q\000u\000o\000t\000a\000\040\000t\000r\000e\000a\000t\000m\000e\000n\000t\000\040\000a\000c\000r\000o\000s\000s\000\040\000r\000e\000f\000e\000r\000r\000a\000l\000\040\000t\000y\000p\000e\000s}{section.5}% 15
\BOOKMARK [1][-]{section.6}{\376\377\000C\000o\000n\000c\000l\000u\000s\000i\000o\000n}{}% 16
\BOOKMARK [1][-]{appendix.A}{\376\377\000A\000d\000d\000i\000t\000i\000o\000n\000a\000l\000\040\000F\000i\000g\000u\000r\000e\000s\000\040\000a\000n\000d\000\040\000T\000a\000b\000l\000e\000s}{}% 17
\BOOKMARK [2][-]{subsection.A.1}{\376\377\000A\000d\000d\000i\000t\000i\000o\000n\000a\000l\000\040\000F\000i\000g\000u\000r\000e\000s}{appendix.A}% 18
\BOOKMARK [2][-]{subsection.A.2}{\376\377\000A\000d\000d\000i\000t\000i\000o\000n\000a\000l\000\040\000T\000a\000b\000l\000e\000s}{appendix.A}% 19
\BOOKMARK [1][-]{appendix.B}{\376\377\000E\000x\000p\000e\000r\000i\000m\000e\000n\000t}{}% 20
